#-----------------------------------------------------------
# Vivado v2024.2 (64-bit)
# SW Build 5239630 on Fri Nov 08 22:34:34 MST 2024
# IP Build 5239520 on Sun Nov 10 16:12:51 MST 2024
# SharedData Build 5239561 on Fri Nov 08 14:39:27 MST 2024
# Start of session at: Mon Jul 14 11:18:45 2025
# Process ID         : 7789
# Current directory  : /home/daniel/GitHub/CITIUS/Vivado/Argentina/Argentina.runs/impl_1
# Command line       : vivado -log Argentina.vdi -applog -product Vivado -messageDb vivado.pb -mode batch -source Argentina.tcl -notrace
# Log file           : /home/daniel/GitHub/CITIUS/Vivado/Argentina/Argentina.runs/impl_1/Argentina.vdi
# Journal file       : /home/daniel/GitHub/CITIUS/Vivado/Argentina/Argentina.runs/impl_1/vivado.jou
# Running On         : daniel-NBLB-WAX9N
# Platform           : Ubuntu
# Operating System   : Ubuntu 24.04.2 LTS
# Processor Detail   : AMD Ryzen 7 4800H with Radeon Graphics
# CPU Frequency      : 1696.533 MHz
# CPU Physical cores : 8
# CPU Logical cores  : 16
# Host memory        : 16100 MB
# Swap memory        : 2147 MB
# Total Virtual      : 18247 MB
# Available Virtual  : 13138 MB
#-----------------------------------------------------------
source Argentina.tcl -notrace
